// Jest Snapshot v1, https://goo.gl/fbAQLP

exports[`Storyshots Atoms/Card Colors 1`] = `
<div
  style={
    Object {
      "alignContent": "flex-start",
      "display": "flex",
      "flexDirection": "column",
      "flexWrap": "wrap",
      "gap": "10px 30px",
      "height": "100%",
      "justifyContent": "flex-start",
      "maxHeight": "auto",
    }
  }
>
  <div
    className="card color-base size-sm"
  >
    Lacerations coaster sort comings windlance happily EIf-witch handful unbefitting? Decide rising startled Aragorn invitations midnight deserves fortunes innards. You cannot hide. I see you. There is no life in the void. Only death. Mirror Emyn dreamed!
  </div>
  <div
    className="card color-primary size-sm"
  >
    Lacerations coaster sort comings windlance happily EIf-witch handful unbefitting? Decide rising startled Aragorn invitations midnight deserves fortunes innards. You cannot hide. I see you. There is no life in the void. Only death. Mirror Emyn dreamed!
  </div>
  <div
    className="card color-secondary size-sm"
  >
    Lacerations coaster sort comings windlance happily EIf-witch handful unbefitting? Decide rising startled Aragorn invitations midnight deserves fortunes innards. You cannot hide. I see you. There is no life in the void. Only death. Mirror Emyn dreamed!
  </div>
</div>
`;

exports[`Storyshots Atoms/Card Default 1`] = `
<div
  style={
    Object {
      "alignContent": "flex-start",
      "display": "flex",
      "flexDirection": "column",
      "flexWrap": "wrap",
      "gap": "10px 30px",
      "height": "100%",
      "justifyContent": "flex-start",
      "maxHeight": "auto",
    }
  }
>
  <div
    className="card color-base size-sm"
  >
    Lacerations coaster sort comings windlance happily EIf-witch handful unbefitting? Decide rising startled Aragorn invitations midnight deserves fortunes innards. You cannot hide. I see you. There is no life in the void. Only death. Mirror Emyn dreamed!
  </div>
</div>
`;

exports[`Storyshots Atoms/Card Sizes 1`] = `
<div
  style={
    Object {
      "alignContent": "flex-start",
      "display": "flex",
      "flexDirection": "column",
      "flexWrap": "wrap",
      "gap": "10px 30px",
      "height": "100%",
      "justifyContent": "flex-start",
      "maxHeight": "auto",
    }
  }
>
  <div
    className="card color-base size-sm"
  >
    Lacerations coaster sort comings windlance happily EIf-witch handful unbefitting? Decide rising startled Aragorn invitations midnight deserves fortunes innards. You cannot hide. I see you. There is no life in the void. Only death. Mirror Emyn dreamed!
  </div>
  <div
    className="card color-base size-md"
  >
    Lacerations coaster sort comings windlance happily EIf-witch handful unbefitting? Decide rising startled Aragorn invitations midnight deserves fortunes innards. You cannot hide. I see you. There is no life in the void. Only death. Mirror Emyn dreamed!
  </div>
  <div
    className="card color-base size-lg"
  >
    Lacerations coaster sort comings windlance happily EIf-witch handful unbefitting? Decide rising startled Aragorn invitations midnight deserves fortunes innards. You cannot hide. I see you. There is no life in the void. Only death. Mirror Emyn dreamed!
  </div>
</div>
`;
