// Jest Snapshot v1, https://goo.gl/fbAQLP

exports[`Storyshots Layout/FullHeightContent Default 1`] = `
<div
  style={
    Object {
      "alignContent": "flex-start",
      "display": "flex",
      "flexDirection": "column",
      "flexWrap": "wrap",
      "gap": "10px 30px",
      "height": "100%",
      "justifyContent": "flex-start",
      "maxHeight": "auto",
    }
  }
>
  <div
    className="full-height-content is-visible"
  >
    <div
      className="content"
    >
      Mice defiling required Bilbo sailing unspoiled this hunting. 14th refuge knowing breath Middle-earth sack demon children?
    </div>
    <div
      className="spacer horizontal"
      style={
        Object {
          "height": 15,
        }
      }
    />
    <div
      className="footer"
    >
      Ambition living aid indeed mutton suffered l failing kindness Ã‰othain? Red others Goblin-town spot stuff riddles hero?
    </div>
  </div>
</div>
`;
